["BTC", "ETH", "SOL"] {"BTC": 0.05, "ETH": 0.3, "SOL": 10}
