Exchange 1: 1250 BTC, Exchange 2: 980 BTC, Exchange 3: 1430 BTC, Exchange 4: 1110 BTC
