Global average temperature has risen 1.2 °C since pre‑industrial times!
