      Name Symbol                 Date  ...       Close  Volume     Marketcap
0  Bitcoin    BTC  2013-04-29 23:59:59  ...  144.539993     0.0  1.603769e+09
1  Bitcoin    BTC  2013-04-30 23:59:59  ...  139.000000     0.0  1.542813e+09
2  Bitcoin    BTC  2013-05-01 23:59:59  ...  116.989998     0.0  1.298955e+09
3  Bitcoin    BTC  2013-05-02 23:59:59  ...  105.209999     0.0  1.168517e+09
4  Bitcoin    BTC  2013-05-03 23:59:59  ...   97.750000     0.0  1.085995e+09

[5 rows x 9 columns]
