['Bitcoin', 'Ethereum', 'Solara'] {'Bitcoin': 45210.0, 'Ethereum': 3270.0, 'Solara': 190.0}
