Sensor 1: 0.9 째C, Sensor 2: 1.2 째C, Sensor 3: 0.8 째C, Sensor 4: 1.5 째C
