   iso        country      continent  ...      2042      2043      2044
0  CHN          China           Asia  ...  12107.80  12707.32  12715.91
1  USA  United States  North America  ...   5229.09   5519.98   5604.33
2  IND          India           Asia  ...   3259.80   3517.19   3737.40
3  RUS         Russia         Europe  ...   1695.74   1872.58   1821.21
4  BRA         Brazil  South America  ...   1478.00   1539.96   1537.74

[5 rows x 8 columns]
