184.20770493508581 44.90909814834595 0.4829879999160766 1156.1400146484375
