["Berlin", "Rome", "Madrid"] (0.9, 1.3, 1.7) {"Berlin": 0.9, "Rome": 1.3, "Madrid": 1.7}
