['Berlin', 'Madrid', 'Sydney'] {'Berlin': 0.9, 'Madrid': 1.2, 'Sydney': 0.8}
