0.9200000000000002 0.17204650534085253 0.029599999999999998
